// Jest Snapshot v1, https://goo.gl/fbAQLP

exports[`<ChangePassword /> renders the change password form 1`] = `
<DocumentFragment>
  <div
    class="root"
  >
    <form>
      <div
        class="root"
      >
        <label>
          <span
            class="label"
          >
            <span
              class="requiredSymbol"
            />
            Current Password
          </span>
        </label>
        <span
          class="root"
          style="--iconsBefore: 0; --iconsAfter: 0;"
        >
          <span
            class="input"
          >
            <input
              aria-label="old-password"
              class="input"
              id="d909efa6-1e6e-4eaf-b340-5937dc4a49ae"
              name="oldPassword"
              type="password"
              value=""
            />
          </span>
          <span
            class="before"
          />
          <span
            class="after"
          />
        </span>
        <p
          class="root"
        />
      </div>
      <div
        class="root"
      >
        <label>
          <span
            class="label"
          >
            <span
              class="requiredSymbol"
            />
            New Password
          </span>
        </label>
        <span
          class="root"
          style="--iconsBefore: 0; --iconsAfter: 0;"
        >
          <span
            class="input"
          >
            <input
              aria-label="password"
              autocomplete="password"
              class="input"
              id="f94d223f-e1cb-4d46-9c2a-d8741836478f"
              name="password"
              type="password"
              value=""
            />
          </span>
          <span
            class="before"
          />
          <span
            class="after"
          />
        </span>
        <p
          class="root"
        />
      </div>
      <div
        class="root"
      >
        <label>
          <span
            class="label"
          >
            <span
              class="requiredSymbol"
            />
            Confirm New Password
          </span>
        </label>
        <span
          class="root"
          style="--iconsBefore: 0; --iconsAfter: 0;"
        >
          <span
            class="input"
          >
            <input
              aria-label="confirm"
              class="input"
              id="7f32526f-5179-49fa-a0be-32c6eba7bd94"
              name="confirm"
              type="password"
              value=""
            />
          </span>
          <span
            class="before"
          />
          <span
            class="after"
          />
        </span>
        <p
          class="root"
        />
      </div>
      <div
        class="actions"
      >
        <button
          aria-label="submit"
          class="root_highPriority"
          type="submit"
        >
          <span
            class="content"
          >
            Change Password
          </span>
        </button>
      </div>
    </form>
  </div>
</DocumentFragment>
`;
