// Jest Snapshot v1, https://goo.gl/fbAQLP

exports[`<ChangePassword /> renders the change password form 1`] = `
<DocumentFragment>
  <div
    class="root"
  >
    <form>
      <div
        class="root"
      >
        <label>
          <span
            class="label"
          >
            <span
              class="requiredSymbol"
            />
            Current Password
          </span>
        </label>
        <span
          class="root"
          style="--iconsBefore: 0; --iconsAfter: 0;"
        >
          <span
            class="input"
          >
            <input
              aria-label="old-password"
              class="input"
              id="67000274-9f62-40e3-8595-ec5937662bfe"
              name="oldPassword"
              type="password"
              value=""
            />
          </span>
          <span
            class="before"
          />
          <span
            class="after"
          />
        </span>
        <p
          class="root"
        />
      </div>
      <div
        class="root"
      >
        <label>
          <span
            class="label"
          >
            <span
              class="requiredSymbol"
            />
            New Password
          </span>
        </label>
        <span
          class="root"
          style="--iconsBefore: 0; --iconsAfter: 0;"
        >
          <span
            class="input"
          >
            <input
              aria-label="password"
              autocomplete="password"
              class="input"
              id="a774edcd-9210-4e1e-af4b-8edb0ab65187"
              name="password"
              type="password"
              value=""
            />
          </span>
          <span
            class="before"
          />
          <span
            class="after"
          />
        </span>
        <p
          class="root"
        />
      </div>
      <div
        class="root"
      >
        <label>
          <span
            class="label"
          >
            <span
              class="requiredSymbol"
            />
            Confirm New Password
          </span>
        </label>
        <span
          class="root"
          style="--iconsBefore: 0; --iconsAfter: 0;"
        >
          <span
            class="input"
          >
            <input
              aria-label="confirm"
              class="input"
              id="039136e8-a5e2-46f0-9fe6-cb6e563b400a"
              name="confirm"
              type="password"
              value=""
            />
          </span>
          <span
            class="before"
          />
          <span
            class="after"
          />
        </span>
        <p
          class="root"
        />
      </div>
      <div
        class="actions"
      >
        <button
          aria-label="submit"
          class="root_highPriority"
          type="submit"
        >
          <span
            class="content"
          >
            Change Password
          </span>
        </button>
      </div>
    </form>
  </div>
</DocumentFragment>
`;
