// Jest Snapshot v1, https://goo.gl/fbAQLP

exports[`<ChangePassword /> renders the change password form 1`] = `
<DocumentFragment>
  <div
    class="root"
  >
    <form>
      <div
        class="root"
      >
        <label>
          <span
            class="label"
          >
            <span
              class="requiredSymbol"
            />
            Current Password
          </span>
        </label>
        <span
          class="root"
          style="--iconsBefore: 0; --iconsAfter: 0;"
        >
          <span
            class="input"
          >
            <input
              aria-label="old-password"
              class="input"
              id="3080e46c-c436-42e1-be85-0f7498a7368f"
              name="oldPassword"
              type="password"
              value=""
            />
          </span>
          <span
            class="before"
          />
          <span
            class="after"
          />
        </span>
        <p
          class="root"
        />
      </div>
      <div
        class="root"
      >
        <label>
          <span
            class="label"
          >
            <span
              class="requiredSymbol"
            />
            New Password
          </span>
        </label>
        <span
          class="root"
          style="--iconsBefore: 0; --iconsAfter: 0;"
        >
          <span
            class="input"
          >
            <input
              aria-label="password"
              autocomplete="password"
              class="input"
              id="4f4eb92d-6d75-4aca-9478-97093d42271d"
              name="password"
              type="password"
              value=""
            />
          </span>
          <span
            class="before"
          />
          <span
            class="after"
          />
        </span>
        <p
          class="root"
        />
      </div>
      <div
        class="root"
      >
        <label>
          <span
            class="label"
          >
            <span
              class="requiredSymbol"
            />
            Confirm New Password
          </span>
        </label>
        <span
          class="root"
          style="--iconsBefore: 0; --iconsAfter: 0;"
        >
          <span
            class="input"
          >
            <input
              aria-label="confirm"
              class="input"
              id="7bb8103f-44e1-4880-bc54-fde2ee216d49"
              name="confirm"
              type="password"
              value=""
            />
          </span>
          <span
            class="before"
          />
          <span
            class="after"
          />
        </span>
        <p
          class="root"
        />
      </div>
      <div
        class="actions"
      >
        <button
          aria-label="submit"
          class="root_highPriority"
          type="submit"
        >
          <span
            class="content"
          >
            Change Password
          </span>
        </button>
      </div>
    </form>
  </div>
</DocumentFragment>
`;
