// Jest Snapshot v1, https://goo.gl/fbAQLP

exports[`<CouponItem /> renders the component 1`] = `
<DocumentFragment>
  <div
    class="root"
  >
    <div
      class="couponName"
    >
      Coupon 
      <strong>
        my-sample-coupon
      </strong>
       applied.
    </div>
    <div
      class="root"
    >
      <button
        class="kebab"
      >
        <span
          class="root"
        >
          <svg
            fill="none"
            height="24"
            stroke="currentColor"
            stroke-linecap="round"
            stroke-linejoin="round"
            stroke-width="2"
            viewBox="0 0 24 24"
            width="24"
            xmlns="http://www.w3.org/2000/svg"
          >
            <circle
              cx="12"
              cy="12"
              r="1"
            />
            <circle
              cx="12"
              cy="5"
              r="1"
            />
            <circle
              cx="12"
              cy="19"
              r="1"
            />
          </svg>
        </span>
      </button>
      <ul
        class="dropdown"
      >
        <li
          class="menuItem"
        >
          <button>
            <span
              class="root"
            >
              <svg
                fill="none"
                height="14px"
                stroke="rgb(var(--venia-teal))"
                stroke-linecap="round"
                stroke-linejoin="round"
                stroke-width="2"
                viewBox="0 0 24 24"
                width="14px"
                xmlns="http://www.w3.org/2000/svg"
              >
                <polyline
                  points="3 6 5 6 21 6"
                />
                <path
                  d="M19 6v14a2 2 0 0 1-2 2H7a2 2 0 0 1-2-2V6m3 0V4a2 2 0 0 1 2-2h4a2 2 0 0 1 2 2v2"
                />
              </svg>
            </span>
            <span
              class="text"
            >
              Remove coupon
            </span>
          </button>
        </li>
      </ul>
    </div>
  </div>
</DocumentFragment>
`;
