// Jest Snapshot v1, https://goo.gl/fbAQLP

exports[`<Radio> disables quantity change 1`] = `<div class="bundleProduct__options"><label><input type="radio" name="1" value="1"> Carmina Necklace +<b><span class="">$12.00</span></b></label></div><div class="bundleProduct__options"><label><input type="radio" name="1" value="2" checked=""> Augusta Necklace +<b><span class="">$13.00</span></b></label></div><h2 class="option__title productFullDetail__quantityTitle"><span>Quantity</span></h2><input type="number" min="1" class="option__quantity" disabled="" value="1">`;

exports[`<Radio> renders the component 1`] = `<div class="bundleProduct__options"><label><input type="radio" name="1" value="1" checked=""> Carmina Necklace +<b><span class="">$12.00</span></b></label></div><div class="bundleProduct__options"><label><input type="radio" name="1" value="2"> Augusta Necklace +<b><span class="">$13.00</span></b></label></div><h2 class="option__title productFullDetail__quantityTitle"><span>Quantity</span></h2><input type="number" min="1" class="option__quantity" value="1">`;
