// Jest Snapshot v1, https://goo.gl/fbAQLP

exports[`<Select> disables quantity change 1`] = `<div class="bundleOptionSelect__root"><span class="fieldIcons__root"><span class="fieldIcons__input"><select class="select__input field__input bundleProduct__option"><option value="1">Carmina Necklace</option><option value="2">Augusta Necklace</option></select></span><span class="fieldIcons__before"></span><span class="fieldIcons__after"><span class="icon__root"><svg xmlns="http://www.w3.org/2000/svg" width="18" height="18" viewBox="0 0 24 24" fill="none" stroke="currentColor" stroke-width="2" stroke-linecap="round" stroke-linejoin="round"><polyline points="6 9 12 15 18 9"></polyline></svg></span></span></span></div><h2 class="bundleProduct__quantityTitle"><span>Quantity</span></h2><input type="number" min="1" class="option__quantity" disabled="" value="1">`;

exports[`<Select> renders the component 1`] = `<div class="bundleOptionSelect__root"><span class="fieldIcons__root"><span class="fieldIcons__input"><select class="select__input field__input bundleProduct__option"><option value="1">Carmina Necklace</option><option value="2">Augusta Necklace</option></select></span><span class="fieldIcons__before"></span><span class="fieldIcons__after"><span class="icon__root"><svg xmlns="http://www.w3.org/2000/svg" width="18" height="18" viewBox="0 0 24 24" fill="none" stroke="currentColor" stroke-width="2" stroke-linecap="round" stroke-linejoin="round"><polyline points="6 9 12 15 18 9"></polyline></svg></span></span></span></div><h2 class="bundleProduct__quantityTitle"><span>Quantity</span></h2><input type="number" min="1" class="option__quantity" value="1">`;
