// Jest Snapshot v1, https://goo.gl/fbAQLP

exports[`<CouponForm /> renders an error 1`] = `<form class="root"><input type="text" name="couponCode" placeholder="Enter your code" value=""><button class="root_highPriority" type="button" disabled=""><span class="content"><span>Apply Coupon</span></span></button><div class="error">Invalid coupon!</div></form>`;

exports[`<CouponForm /> renders the component 1`] = `<form class="root"><input type="text" name="couponCode" placeholder="Enter your code" value=""><button class="root_highPriority" type="button" disabled=""><span class="content"><span>Apply Coupon</span></span></button></form>`;
