// Jest Snapshot v1, https://goo.gl/fbAQLP

exports[`<DiscountList /> renders the component 1`] = `
<DocumentFragment>
  <div
    class="root"
  >
    <div
      class="item"
    >
      <span>
        20% off for 3 or more
      </span>
      <span
        class="price"
      >
        <span
          class=""
        >
          -$36.40
        </span>
      </span>
    </div>
    <div
      class="item"
    >
      <span>
        10% off coupon
      </span>
      <span
        class="price"
      >
        <span
          class=""
        >
          -$14.56
        </span>
      </span>
    </div>
  </div>
</DocumentFragment>
`;
