// Jest Snapshot v1, https://goo.gl/fbAQLP

exports[`<AuthBar> renders the component for anonymous user 1`] = `<div class="root"><button class="root_highPriority" type="button"><span class="content">Sign In</span></button></div>`;

exports[`<AuthBar> renders the component for logged user 1`] = `<div class="root"><button class="root"><span class="content"><span class="avatar"><span class="root"><svg xmlns="http://www.w3.org/2000/svg" width="24" height="24" viewBox="0 0 24 24" fill="none" stroke="currentColor" stroke-width="2" stroke-linecap="round" stroke-linejoin="round"><path d="M20 21v-2a4 4 0 0 0-4-4H8a4 4 0 0 0-4 4v2"></path><circle cx="12" cy="7" r="4"></circle></svg></span></span><span class="user"><span class="fullName">Test User</span><span class="email">test_user@example.com</span></span><span class="icon"><span class="root"><svg xmlns="http://www.w3.org/2000/svg" width="24" height="24" viewBox="0 0 24 24" fill="none" stroke="currentColor" stroke-width="2" stroke-linecap="round" stroke-linejoin="round"><polyline points="9 18 15 12 9 6"></polyline></svg></span></span></span></button></div>`;
