// Jest Snapshot v1, https://goo.gl/fbAQLP

exports[`<CreateAccount> renders the component 1`] = `
<DocumentFragment>
  <form>
    <p>
      Check out faster, use multiple addresses, track orders and more by creating an account!
    </p>
    <div
      class="root"
    >
      <label>
        <span
          class="label"
        >
          <span
            class="requiredSymbol"
          />
          First Name
        </span>
      </label>
      <span
        class="root"
        style="--iconsBefore: 0; --iconsAfter: 0;"
      >
        <span
          class="input"
        >
          <input
            aria-label="firstname"
            autocomplete="given-name"
            class="input"
            id="3e347836-fe4f-440b-9355-f66c1ec1e90a"
            name="customer.firstname"
            value=""
          />
        </span>
        <span
          class="before"
        />
        <span
          class="after"
        />
      </span>
      <p
        class="root"
      />
    </div>
    <div
      class="root"
    >
      <label>
        <span
          class="label"
        >
          <span
            class="requiredSymbol"
          />
          Last Name
        </span>
      </label>
      <span
        class="root"
        style="--iconsBefore: 0; --iconsAfter: 0;"
      >
        <span
          class="input"
        >
          <input
            aria-label="lastname"
            autocomplete="family-name"
            class="input"
            id="c9886cfc-15b5-4134-bcad-6601221986c7"
            name="customer.lastname"
            value=""
          />
        </span>
        <span
          class="before"
        />
        <span
          class="after"
        />
      </span>
      <p
        class="root"
      />
    </div>
    <div
      class="root"
    >
      <label>
        <span
          class="label"
        >
          <span
            class="requiredSymbol"
          />
          Email address
        </span>
      </label>
      <span
        class="root"
        style="--iconsBefore: 0; --iconsAfter: 0;"
      >
        <span
          class="input"
        >
          <input
            aria-label="email"
            autocomplete="email"
            class="input"
            id="f6fd71dc-a655-4108-86db-6fb22bc8579a"
            name="customer.email"
            value=""
          />
        </span>
        <span
          class="before"
        />
        <span
          class="after"
        />
      </span>
      <p
        class="root"
      />
    </div>
    <div
      class="root"
    >
      <label>
        <span
          class="label"
        >
          <span
            class="requiredSymbol"
          />
          Password
        </span>
      </label>
      <span
        class="root"
        style="--iconsBefore: 0; --iconsAfter: 0;"
      >
        <span
          class="input"
        >
          <input
            aria-label="password"
            autocomplete="new-password"
            class="input"
            id="618e32e3-4a4a-43bb-a3e7-25213709bd76"
            name="password"
            type="password"
            value=""
          />
        </span>
        <span
          class="before"
        />
        <span
          class="after"
        />
      </span>
      <p
        class="root"
      />
    </div>
    <div
      class="root"
    >
      <label>
        <span
          class="label"
        >
          <span
            class="requiredSymbol"
          />
          Confirm Password
        </span>
      </label>
      <span
        class="root"
        style="--iconsBefore: 0; --iconsAfter: 0;"
      >
        <span
          class="input"
        >
          <input
            aria-label="confirm"
            class="input"
            id="7c0a0d49-d745-4d6d-a68a-f09521de0cd8"
            name="confirm"
            type="password"
            value=""
          />
        </span>
        <span
          class="before"
        />
        <span
          class="after"
        />
      </span>
      <p
        class="root"
      />
    </div>
    <div>
      <label
        class="root"
        for="3d9a08c8-7f31-4aff-8f1b-afb79e5a2497"
      >
        <span
          class="icon"
        />
        <input
          aria-label="subscribe"
          class="input"
          id="3d9a08c8-7f31-4aff-8f1b-afb79e5a2497"
          name="subscribe"
          type="checkbox"
        />
        <span
          class="label"
        >
          Subscribe to news and updates
        </span>
      </label>
      <p
        class="root"
      />
    </div>
    <div />
    <div>
      <button
        aria-label="submit"
        class="root_highPriority"
        type="submit"
      >
        <span
          class="content"
        >
          Submit
        </span>
      </button>
    </div>
  </form>
</DocumentFragment>
`;
