// Jest Snapshot v1, https://goo.gl/fbAQLP

exports[`<CreateAccount> renders the component 1`] = `
<DocumentFragment>
  <form>
    <p>
      Check out faster, use multiple addresses, track orders and more by creating an account!
    </p>
    <div
      class="root"
    >
      <label>
        <span
          class="label"
        >
          <span
            class="requiredSymbol"
          />
          First Name
        </span>
      </label>
      <span
        class="root"
        style="--iconsBefore: 0; --iconsAfter: 0;"
      >
        <span
          class="input"
        >
          <input
            aria-label="firstname"
            autocomplete="given-name"
            class="input"
            id="a1564072-415e-4f3e-b653-0636d9d4f33a"
            name="customer.firstname"
            value=""
          />
        </span>
        <span
          class="before"
        />
        <span
          class="after"
        />
      </span>
      <p
        class="root"
      />
    </div>
    <div
      class="root"
    >
      <label>
        <span
          class="label"
        >
          <span
            class="requiredSymbol"
          />
          Last Name
        </span>
      </label>
      <span
        class="root"
        style="--iconsBefore: 0; --iconsAfter: 0;"
      >
        <span
          class="input"
        >
          <input
            aria-label="lastname"
            autocomplete="family-name"
            class="input"
            id="27062142-78d7-44d3-9744-9c30376392f5"
            name="customer.lastname"
            value=""
          />
        </span>
        <span
          class="before"
        />
        <span
          class="after"
        />
      </span>
      <p
        class="root"
      />
    </div>
    <div
      class="root"
    >
      <label>
        <span
          class="label"
        >
          <span
            class="requiredSymbol"
          />
          Email address
        </span>
      </label>
      <span
        class="root"
        style="--iconsBefore: 0; --iconsAfter: 0;"
      >
        <span
          class="input"
        >
          <input
            aria-label="email"
            autocomplete="email"
            class="input"
            id="d675080e-94f3-43f4-97ca-9a40253c566c"
            name="customer.email"
            value=""
          />
        </span>
        <span
          class="before"
        />
        <span
          class="after"
        />
      </span>
      <p
        class="root"
      />
    </div>
    <div
      class="root"
    >
      <label>
        <span
          class="label"
        >
          <span
            class="requiredSymbol"
          />
          Password
        </span>
      </label>
      <span
        class="root"
        style="--iconsBefore: 0; --iconsAfter: 0;"
      >
        <span
          class="input"
        >
          <input
            aria-label="password"
            autocomplete="new-password"
            class="input"
            id="fb2765be-0be9-462e-a027-8ce1a70ae325"
            name="password"
            type="password"
            value=""
          />
        </span>
        <span
          class="before"
        />
        <span
          class="after"
        />
      </span>
      <p
        class="root"
      />
    </div>
    <div
      class="root"
    >
      <label>
        <span
          class="label"
        >
          <span
            class="requiredSymbol"
          />
          Confirm Password
        </span>
      </label>
      <span
        class="root"
        style="--iconsBefore: 0; --iconsAfter: 0;"
      >
        <span
          class="input"
        >
          <input
            aria-label="confirm"
            class="input"
            id="2cd2341e-a5cf-4428-b432-ccc96fde9487"
            name="confirm"
            type="password"
            value=""
          />
        </span>
        <span
          class="before"
        />
        <span
          class="after"
        />
      </span>
      <p
        class="root"
      />
    </div>
    <div>
      <label
        class="root"
        for="b5709af8-721d-4362-9127-3837b5dc8347"
      >
        <span
          class="icon"
        />
        <input
          aria-label="subscribe"
          class="input"
          id="b5709af8-721d-4362-9127-3837b5dc8347"
          name="subscribe"
          type="checkbox"
        />
        <span
          class="label"
        >
          Subscribe to news and updates
        </span>
      </label>
      <p
        class="root"
      />
    </div>
    <div />
    <div>
      <button
        aria-label="submit"
        class="root_highPriority"
        type="submit"
      >
        <span
          class="content"
        >
          Submit
        </span>
      </button>
    </div>
  </form>
</DocumentFragment>
`;
