// Jest Snapshot v1, https://goo.gl/fbAQLP

exports[`<CreateAccount> renders the component 1`] = `
<DocumentFragment>
  <form>
    <p>
      Check out faster, use multiple addresses, track orders and more by creating an account!
    </p>
    <div
      class="root"
    >
      <label>
        <span
          class="label"
        >
          <span
            class="requiredSymbol"
          />
          First Name
        </span>
      </label>
      <span
        class="root"
        style="--iconsBefore: 0; --iconsAfter: 0;"
      >
        <span
          class="input"
        >
          <input
            aria-label="firstname"
            autocomplete="given-name"
            class="input"
            id="c99b8efd-129a-4d54-8a5f-d298a7ec8044"
            name="customer.firstname"
            value=""
          />
        </span>
        <span
          class="before"
        />
        <span
          class="after"
        />
      </span>
      <p
        class="root"
      />
    </div>
    <div
      class="root"
    >
      <label>
        <span
          class="label"
        >
          <span
            class="requiredSymbol"
          />
          Last Name
        </span>
      </label>
      <span
        class="root"
        style="--iconsBefore: 0; --iconsAfter: 0;"
      >
        <span
          class="input"
        >
          <input
            aria-label="lastname"
            autocomplete="family-name"
            class="input"
            id="ba710b01-d525-415d-b127-35ba90017e6a"
            name="customer.lastname"
            value=""
          />
        </span>
        <span
          class="before"
        />
        <span
          class="after"
        />
      </span>
      <p
        class="root"
      />
    </div>
    <div
      class="root"
    >
      <label>
        <span
          class="label"
        >
          <span
            class="requiredSymbol"
          />
          Email address
        </span>
      </label>
      <span
        class="root"
        style="--iconsBefore: 0; --iconsAfter: 0;"
      >
        <span
          class="input"
        >
          <input
            aria-label="email"
            autocomplete="email"
            class="input"
            id="e5e60f9b-4cc4-44f7-a7ed-968a6c5b9e83"
            name="customer.email"
            value=""
          />
        </span>
        <span
          class="before"
        />
        <span
          class="after"
        />
      </span>
      <p
        class="root"
      />
    </div>
    <div
      class="root"
    >
      <label>
        <span
          class="label"
        >
          <span
            class="requiredSymbol"
          />
          Password
        </span>
      </label>
      <span
        class="root"
        style="--iconsBefore: 0; --iconsAfter: 0;"
      >
        <span
          class="input"
        >
          <input
            aria-label="password"
            autocomplete="new-password"
            class="input"
            id="011f0e90-4eb6-449d-8459-2648c0e6005f"
            name="password"
            type="password"
            value=""
          />
        </span>
        <span
          class="before"
        />
        <span
          class="after"
        />
      </span>
      <p
        class="root"
      />
    </div>
    <div
      class="root"
    >
      <label>
        <span
          class="label"
        >
          <span
            class="requiredSymbol"
          />
          Confirm Password
        </span>
      </label>
      <span
        class="root"
        style="--iconsBefore: 0; --iconsAfter: 0;"
      >
        <span
          class="input"
        >
          <input
            aria-label="confirm"
            class="input"
            id="d9ba19e0-cbdf-48a0-8f07-27e7c95c0581"
            name="confirm"
            type="password"
            value=""
          />
        </span>
        <span
          class="before"
        />
        <span
          class="after"
        />
      </span>
      <p
        class="root"
      />
    </div>
    <div>
      <label
        class="root"
        for="60eb0af3-a9ef-4c4d-96e5-2f92af408263"
      >
        <span
          class="icon"
        />
        <input
          aria-label="subscribe"
          class="input"
          id="60eb0af3-a9ef-4c4d-96e5-2f92af408263"
          name="subscribe"
          type="checkbox"
        />
        <span
          class="label"
        >
          Subscribe to news and updates
        </span>
      </label>
      <p
        class="root"
      />
    </div>
    <div />
    <div>
      <button
        aria-label="submit"
        class="root_highPriority"
        type="submit"
      >
        <span
          class="content"
        >
          Submit
        </span>
      </button>
    </div>
  </form>
</DocumentFragment>
`;
