// Jest Snapshot v1, https://goo.gl/fbAQLP

exports[`<AddAddressButton> renders the component 1`] = `<button class="root" aria-label="Add an address"><span class="icon"><svg xmlns="http://www.w3.org/2000/svg" width="18" height="18" viewBox="0 0 24 24" fill="none" stroke="currentColor" stroke-width="2" stroke-linecap="round" stroke-linejoin="round"><rect x="3" y="3" width="18" height="18" rx="2" ry="2"></rect><line x1="12" y1="8" x2="12" y2="16"></line><line x1="8" y1="12" x2="16" y2="12"></line></svg></span><span class="label">Add an address</span></button>`;

exports[`<AddAddressButton> renders the component with list display type 1`] = `<button class="list" aria-label="Add an address"><span class="icon"><svg xmlns="http://www.w3.org/2000/svg" width="18" height="18" viewBox="0 0 24 24" fill="none" stroke="currentColor" stroke-width="2" stroke-linecap="round" stroke-linejoin="round"><rect x="3" y="3" width="18" height="18" rx="2" ry="2"></rect><line x1="12" y1="8" x2="12" y2="16"></line><line x1="8" y1="12" x2="16" y2="12"></line></svg></span><span class="label">Add an address</span></button>`;
