// Jest Snapshot v1, https://goo.gl/fbAQLP

exports[`<ChangePassword /> renders the change password form 1`] = `
<DocumentFragment>
  <div
    class="root"
  >
    <form>
      <div
        class="root"
      >
        <span
          class="label"
        >
          <span
            class="requiredSymbol"
          />
          Current Password
        </span>
        <span
          class="root"
        >
          <span
            class="input"
          >
            <input
              aria-label="old-password"
              class="input"
              name="oldPassword"
              type="password"
              value=""
            />
          </span>
          <span
            class="before"
          />
          <span
            class="after"
          />
        </span>
        <p
          class="root"
        />
      </div>
      <div
        class="root"
      >
        <span
          class="label"
        >
          <span
            class="requiredSymbol"
          />
          New Password
        </span>
        <span
          class="root"
        >
          <span
            class="input"
          >
            <input
              aria-label="password"
              autocomplete="password"
              class="input"
              name="password"
              type="password"
              value=""
            />
          </span>
          <span
            class="before"
          />
          <span
            class="after"
          />
        </span>
        <p
          class="root"
        />
      </div>
      <div
        class="root"
      >
        <span
          class="label"
        >
          <span
            class="requiredSymbol"
          />
          Confirm New Password
        </span>
        <span
          class="root"
        >
          <span
            class="input"
          >
            <input
              aria-label="confirm"
              class="input"
              name="confirm"
              type="password"
              value=""
            />
          </span>
          <span
            class="before"
          />
          <span
            class="after"
          />
        </span>
        <p
          class="root"
        />
      </div>
      <div
        class="actions"
      >
        <button
          aria-label="submit"
          class="root_highPriority"
          type="submit"
        >
          <span
            class="content"
          >
            Change Password
          </span>
        </button>
      </div>
    </form>
  </div>
</DocumentFragment>
`;
