// Jest Snapshot v1, https://goo.gl/fbAQLP

exports[`<Checkbox> renders the correct tree 1`] = `
<DocumentFragment>
  <form>
    <label
      class="root"
      for="c"
    >
      <span
        class="icon"
      />
      <input
        class="input"
        id="c"
        name="a"
        type="checkbox"
      />
      <span
        class="label"
      >
        b
      </span>
    </label>
    <p
      class="root"
    />
  </form>
</DocumentFragment>
`;
