// Jest Snapshot v1, https://goo.gl/fbAQLP

exports[`ForgotPassword renders the "forgot password" form  1`] = `<div class="root"><p class="instructions">Enter your email below to receive a password reset link.</p><form><div class="root"><label><span class="label"><span class="requiredSymbol"></span>Email address</span></label><span class="root" style="--iconsBefore: 0; --iconsAfter: 0;"><span class="input"><input autocomplete="email" aria-label="email" class="input" id="[uuid]" name="email" value=""></span><span class="before"></span><span class="after"></span></span><p class="root"></p></div><div><button class="root_highPriority" type="submit" aria-label="submit"><span class="content">Submit</span></button><button class="root_normalPriority" type="button" aria-label="cancel"><span class="content">Cancel</span></button></div></form></div>`;
