// Jest Snapshot v1, https://goo.gl/fbAQLP

exports[`<Dialog> renders an empty dialog 1`] = `<portal-mock><aside class="root"><form class="form"><button class="mask" type="reset"></button><div class="dialog"><div class="header"><span class="headerText"></span><button class="headerButton" type="reset"><span class="root"><svg xmlns="http://www.w3.org/2000/svg" width="24" height="24" viewBox="0 0 24 24" fill="none" stroke="currentColor" stroke-width="2" stroke-linecap="round" stroke-linejoin="round"><line x1="18" y1="6" x2="6" y2="18"></line><line x1="6" y1="6" x2="18" y2="18"></line></svg></span></button></div><div class="body"><div class="contents"></div><div class="buttons"><button class="root_lowPriority" type="reset"><span class="content">Cancel</span></button><button class="confirmButton" type="submit" classes="[object Object]"><span>Confirm</span></button></div></div></div></form></aside></portal-mock>`;

exports[`<Dialog> renders the dialog with disabled buttons 1`] = `<portal-mock><aside class="root"><form class="form"><button class="mask" disabled="" type="reset"></button><div class="dialog"><div class="header"><span class="headerText"></span><button class="headerButton" disabled="" type="reset"><span class="root"><svg xmlns="http://www.w3.org/2000/svg" width="24" height="24" viewBox="0 0 24 24" fill="none" stroke="currentColor" stroke-width="2" stroke-linecap="round" stroke-linejoin="round"><line x1="18" y1="6" x2="6" y2="18"></line><line x1="6" y1="6" x2="18" y2="18"></line></svg></span></button></div><div class="body"><div class="contents"></div><div class="buttons"><button class="root_lowPriority" type="reset" disabled=""><span class="content">Cancel</span></button><button class="confirmButton" type="submit" classes="[object Object]" disabled=""><span>Confirm</span></button></div></div></div></form></aside></portal-mock>`;

exports[`<Dialog> renders the dialog with disabled confirm button 1`] = `<portal-mock><aside class="root"><form class="form"><button class="mask" type="reset"></button><div class="dialog"><div class="header"><span class="headerText"></span><button class="headerButton" type="reset"><span class="root"><svg xmlns="http://www.w3.org/2000/svg" width="24" height="24" viewBox="0 0 24 24" fill="none" stroke="currentColor" stroke-width="2" stroke-linecap="round" stroke-linejoin="round"><line x1="18" y1="6" x2="6" y2="18"></line><line x1="6" y1="6" x2="18" y2="18"></line></svg></span></button></div><div class="body"><div class="contents"></div><div class="buttons"><button class="root_lowPriority" type="reset"><span class="content">Cancel</span></button><button class="confirmButton" type="submit" classes="[object Object]" disabled=""><span>Confirm</span></button></div></div></div></form></aside></portal-mock>`;
