// Jest Snapshot v1, https://goo.gl/fbAQLP

exports[`<AccountTrigger> renders the component 1`] = `
<DocumentFragment>
  <button
    aria-label="Toggle account dropdown"
    class="root"
  >
    <span
      class="root"
    >
      <svg
        fill="none"
        height="24"
        stroke="rgb(var(--venia-text))"
        stroke-linecap="round"
        stroke-linejoin="round"
        stroke-width="2"
        viewBox="0 0 24 24"
        width="24"
        xmlns="http://www.w3.org/2000/svg"
      >
        <path
          d="M20 21v-2a4 4 0 0 0-4-4H8a4 4 0 0 0-4 4v2"
        />
        <circle
          cx="12"
          cy="7"
          r="4"
        />
      </svg>
    </span>
  </button>
</DocumentFragment>
`;
