// Jest Snapshot v1, https://goo.gl/fbAQLP

exports[`<AccountLink> renders the component 1`] = `
<DocumentFragment>
  <button
    classes="[object Object]"
    type="button"
  >
    <span>
      <span>
        <div />
      </span>
      <span>
        <div />
      </span>
    </span>
  </button>
</DocumentFragment>
`;
