// Jest Snapshot v1, https://goo.gl/fbAQLP

exports[`<AccountLink> renders the sign out account link 1`] = `
<DocumentFragment>
  <button
    classes="[object Object]"
    type="button"
  >
    <span>
      <span>
        <svg
          fill="none"
          height="18"
          stroke="currentColor"
          stroke-linecap="round"
          stroke-linejoin="round"
          stroke-width="2"
          viewBox="0 0 24 24"
          width="18"
          xmlns="http://www.w3.org/2000/svg"
        >
          <path
            d="M9 21H5a2 2 0 0 1-2-2V5a2 2 0 0 1 2-2h4"
          />
          <polyline
            points="16 17 21 12 16 7"
          />
          <line
            x1="21"
            x2="9"
            y1="12"
            y2="12"
          />
        </svg>
      </span>
      <span>
        Sign Out
      </span>
    </span>
  </button>
</DocumentFragment>
`;
